// Jest Snapshot v1, https://goo.gl/fbAQLP

exports[`Pruebas en <ButtonComponent /> Debe hacer match con el snapshot 1`] = `
<div>
  <div>
    <button
      class="btn"
      type="button"
    >
      Click me
    </button>
  </div>
</div>
`;
