// Jest Snapshot v1, https://goo.gl/fbAQLP

exports[`Pruebas en <ButtonComponent /> Debe hacer match con el snapshot 1`] = `
<div>
  <h1>
    Listado de Pokemon
  </h1>
</div>
`;
